<html>
<body>
<pre>
<h1>µVision Build Log</h1>
<h2>Tool Versions:</h2>
IDE-Version: µVision V5.38.0.0
Copyright (C) 2022 ARM Ltd and ARM Germany GmbH. All rights reserved.
License Information: Kurt Donnerwetter, freelancer, LIC=50D7S-LUZZR-BX4UY-IWJ2K-HGE9I-C075C
 
Tool Versions:
Toolchain:       MDK-ARM Professional  Version: 5.38.0.0
Toolchain Path:  C:\Keil_v535\ARM\ARMCC\Bin
C Compiler:      Armcc.exe V5.06 update 7 (build 960)
Assembler:       Armasm.exe V5.06 update 7 (build 960)
Linker/Locator:  ArmLink.exe V5.06 update 7 (build 960)
Library Manager: ArmAr.exe V5.06 update 7 (build 960)
Hex Converter:   FromElf.exe V5.06 update 7 (build 960)
CPU DLL:         SARMCM3.DLL V5.38.0.0
Dialog DLL:      DARMSTM.DLL V1.69.1.0
Target DLL:      CMSIS_AGDI.dll V1.33.15.0
Dialog DLL:      TARMSTM.DLL V1.67.1.0
 
<h2>Project:</h2>
D:\MCU\DAPlink\src\projectfiles\uvision\stm32f103xb_if\stm32f103xb_if.uvprojx
Project File Date:  09/06/2023

<h2>Output:</h2>
*** Using Compiler 'V5.06 update 7 (build 960)', folder: 'C:\Keil_v535\ARM\ARMCC\Bin'
Build target 'stm32f103xb_if'
compiling DAP_queue.c...
compiling SWO.c...
compiling JTAG_DP.c...
compiling SW_DP.c...
compiling DAP.c...
compiling DAP_vendor.c...
compiling cortex_m.c...
compiling HardFault_Handler.c...
compiling flash_hal.c...
compiling circ_buf.c...
compiling swd_host.c...
compiling main.c...
compiling util.c...
compiling target_flash.c...
compiling vfs_user.c...
compiling target_reset_nrf51.c...
compiling target_reset_nrf52.c...
compiling vfs_manager.c...
compiling sdk.c...
compiling cmsis_os2_port.c...
compiling uart.c...
compiling target_reset_realtek_rtl8195am.c...
compiling gpio.c...
compiling usbd_STM32F103.c...
compiling settings_rom.c...
compiling RTX_Config.c...
compiling settings.c...
compiling usbd_bulk.c...
compiling target_family.c...
compiling usbd_user_hid.c...
linking...
Program Size: Code=50938 RO-data=5538 RW-data=1096 ZI-data=12032  
After Build - User command #1: ..\..\..\tools\post_build_script.bat D:\MCU\DAPlink\src\projectfiles\uvision\stm32f103xb_if\build\stm32f103xb_if C:\Keil_v535\ARM
D:\MCU\DAPlink\src\projectfiles\uvision\stm32f103xb_if>fromelf --bin D:\MCU\DAPlink\src\projectfiles\uvision\stm32f103xb_if\build\stm32f103xb_if.axf -o D:\MCU\DAPlink\src\projectfiles\uvision\stm32f103xb_if\build\stm32f103xb_if.bin 
D:\MCU\DAPlink\src\projectfiles\uvision\stm32f103xb_if>fromelf --i32 D:\MCU\DAPlink\src\projectfiles\uvision\stm32f103xb_if\build\stm32f103xb_if.axf -o D:\MCU\DAPlink\src\projectfiles\uvision\stm32f103xb_if\build\stm32f103xb_if.hex 
".\build\stm32f103xb_if.axf" - 0 Error(s), 0 Warning(s).

<h2>Software Packages used:</h2>

Package Vendor: ARM
                http://www.keil.com/pack/ARM.CMSIS.5.9.0.pack
                ARM.CMSIS.5.9.0
                CMSIS (Common Microcontroller Software Interface Standard)
   * Component: CORE Version: 5.6.0

Package Vendor: Keil
                https://www.keil.com/pack/Keil.STM32F1xx_DFP.2.4.1.pack
                Keil.STM32F1xx_DFP.2.4.1
                STMicroelectronics STM32F1 Series Device Support, Drivers and Examples

<h2>Collection of Component include folders:</h2>
  ./RTE/_stm32f103xb_if
  C:/Users/Admin/AppData/Local/Arm/Packs/ARM/CMSIS/5.9.0/CMSIS/Core/Include
  C:/Users/Admin/AppData/Local/Arm/Packs/Keil/STM32F1xx_DFP/2.4.1/Device/Include

<h2>Collection of Component Files used:</h2>

   * Component: ARM::CMSIS:CORE:5.6.0
Build Time Elapsed:  00:00:12
</pre>
</body>
</html>
