<html>
<body>
<pre>
<h1>µVision Build Log</h1>
<h2>Tool Versions:</h2>
IDE-Version: µVision V5.38.0.0
Copyright (C) 2022 ARM Ltd and ARM Germany GmbH. All rights reserved.
License Information: Kurt Donnerwetter, freelancer, LIC=50D7S-LUZZR-BX4UY-IWJ2K-HGE9I-C075C
 
Tool Versions:
Toolchain:       MDK-ARM Professional  Version: 5.38.0.0
Toolchain Path:  C:\Keil_v535\ARM\ARMCC\Bin
C Compiler:      Armcc.exe V5.06 update 7 (build 960)
Assembler:       Armasm.exe V5.06 update 7 (build 960)
Linker/Locator:  ArmLink.exe V5.06 update 7 (build 960)
Library Manager: ArmAr.exe V5.06 update 7 (build 960)
Hex Converter:   FromElf.exe V5.06 update 7 (build 960)
CPU DLL:         SARMCM3.DLL V5.38.0.0
Dialog DLL:      DARMSTM.DLL V1.69.1.0
Target DLL:      CMSIS_AGDI.dll V1.33.15.0
Dialog DLL:      TARMSTM.DLL V1.67.1.0
 
<h2>Project:</h2>
D:\MCU\DAPlink\src\projectfiles\uvision\stm32f103xb_if\stm32f103xb_if.uvprojx
Project File Date:  09/06/2023

<h2>Output:</h2>
*** Using Compiler 'V5.06 update 7 (build 960)', folder: 'C:\Keil_v535\ARM\ARMCC\Bin'
Rebuild target 'stm32f103xb_if'
Before Build - User command #1: ..\..\..\tools\pre_build_script.bat
Python 3.9.4
D:\MCU\DAPlink\src\projectfiles\uvision\stm32f103xb_if>python ..\..\..\tools\pre_build_script.py 
#> Pre-build script start
#> Getting git SHA
#> Checking for local changes
#> Keeping git version file since it didn't need to change
#> Pre-build script completed written ..\..\..\source\daplink\version_git.h
compiling JTAG_DP.c...
compiling DAP_queue.c...
compiling SW_DP.c...
compiling bootloader_update.c...
compiling DAP.c...
compiling DAP_vendor.c...
compiling crc16.c...
compiling crc32.c...
compiling daplink.c...
compiling error.c...
compiling cortex_m.c...
compiling flash_hal.c...
compiling circ_buf.c...
compiling HardFault_Handler.c...
compiling info.c...
compiling sdk_stub.c...
assembling SVC_Table.s...
compiling SWO.c...
compiling swd_host_ca.c...
compiling validation.c...
compiling file_stream.c...
compiling flash_decoder.c...
compiling flash_intf.c...
compiling flash_manager.c...
compiling iap_flash_intf.c...
compiling intelhex.c...
compiling util.c...
compiling target_flash.c...
compiling swd_host.c...
compiling main.c...
compiling virtual_fs.c...
compiling target_reset_Kseries.c...
compiling vfs_manager.c...
compiling target_reset_Lseries.c...
compiling target_reset_mimxrt.c...
compiling target_reset_rapid_iot.c...
compiling target_reset_rza.c...
compiling target_reset_ti.c...
compiling target_reset_tz.c...
compiling target_reset_wiznet.c...
compiling vfs_user.c...
compiling target_reset_realtek_rtl8195am.c...
compiling target_reset_nrf52.c...
compiling target_reset_nrf51.c...
assembling startup_stm32f103xb.S...
compiling flash.c...
compiling gpio.c...
compiling read_uid.c...
compiling stm32f1xx_hal.c...
compiling stm32f1xx_hal_cortex.c...
compiling sdk.c...
compiling stm32f1xx_hal_gpio_ex.c...
compiling stm32f1xx_hal_gpio.c...
compiling stm32f1xx_hal_flash.c...
compiling stm32f1xx_hal_flash_ex.c...
compiling stm32f1xx_hal_dma.c...
compiling stm32f1xx_hal_rcc_ex.c...
compiling stm32f1xx_hal_uart.c...
compiling stm32f1xx_hal_tim_ex.c...
compiling stm32f1xx_hal_rcc.c...
compiling usb_config.c...
compiling stm32f1xx_hal_tim.c...
compiling system_stm32f1xx.c...
compiling uart.c...
compiling cmsis_os2_port.c...
compiling rt_Event.c...
compiling stm32f1xx_hal_usart.c...
compiling HAL_CM3.c...
compiling rt_List.c...
compiling rt_Mailbox.c...
compiling rt_MemBox.c...
compiling rt_Mutex.c...
compiling rt_Robin.c...
compiling rt_Semaphore.c...
compiling rt_Time.c...
compiling rt_Task.c...
compiling rt_Timer.c...
compiling rt_System.c...
compiling usbd_STM32F103.c...
compiling target_board.c...
compiling settings_rom.c...
compiling settings.c...
compiling RTX_Config.c...
compiling usbd_cdc_acm.c...
compiling usbd_core_cdc.c...
compiling usbd_core_hid.c...
compiling target_family.c...
compiling usbd_core_msc.c...
compiling usbd_core.c...
compiling usbd_bulk.c...
compiling usbd_core_webusb.c...
compiling usbd_core_winusb.c...
compiling usbd_hid.c...
compiling usbd_user_cdc_acm.c...
compiling usbd_msc.c...
compiling usbd_user_hid.c...
linking...
Program Size: Code=50946 RO-data=5538 RW-data=1096 ZI-data=12032  
After Build - User command #1: ..\..\..\tools\post_build_script.bat D:\MCU\DAPlink\src\projectfiles\uvision\stm32f103xb_if\build\stm32f103xb_if C:\Keil_v535\ARM
Python 3.9.4
D:\MCU\DAPlink\src\projectfiles\uvision\stm32f103xb_if>fromelf --bin D:\MCU\DAPlink\src\projectfiles\uvision\stm32f103xb_if\build\stm32f103xb_if.axf -o D:\MCU\DAPlink\src\projectfiles\uvision\stm32f103xb_if\build\stm32f103xb_if.bin 
D:\MCU\DAPlink\src\projectfiles\uvision\stm32f103xb_if>fromelf --i32 D:\MCU\DAPlink\src\projectfiles\uvision\stm32f103xb_if\build\stm32f103xb_if.axf -o D:\MCU\DAPlink\src\projectfiles\uvision\stm32f103xb_if\build\stm32f103xb_if.hex 
D:\MCU\DAPlink\src\projectfiles\uvision\stm32f103xb_if>python ..\..\..\tools\post_build_script.py D:\MCU\DAPlink\src\projectfiles\uvision\stm32f103xb_if\build\stm32f103xb_if.hex D:\MCU\DAPlink\src\projectfiles\uvision\stm32f103xb_if\build\stm32f103xb_if_crc 
D:\MCU\DAPlink\src\projectfiles\uvision\stm32f103xb_if\build\stm32f103xb_if_crc
board_id None
family_id None
bin_offset None
Start 0x800c000, Length 0x13c00, CRC32 0xe001f96a
".\build\stm32f103xb_if.axf" - 0 Error(s), 0 Warning(s).

<h2>Software Packages used:</h2>

Package Vendor: ARM
                http://www.keil.com/pack/ARM.CMSIS.5.9.0.pack
                ARM.CMSIS.5.9.0
                CMSIS (Common Microcontroller Software Interface Standard)
   * Component: CORE Version: 5.6.0

Package Vendor: Keil
                https://www.keil.com/pack/Keil.STM32F1xx_DFP.2.4.1.pack
                Keil.STM32F1xx_DFP.2.4.1
                STMicroelectronics STM32F1 Series Device Support, Drivers and Examples

<h2>Collection of Component include folders:</h2>
  ./RTE/_stm32f103xb_if
  C:/Users/Admin/AppData/Local/Arm/Packs/ARM/CMSIS/5.9.0/CMSIS/Core/Include
  C:/Users/Admin/AppData/Local/Arm/Packs/Keil/STM32F1xx_DFP/2.4.1/Device/Include

<h2>Collection of Component Files used:</h2>

   * Component: ARM::CMSIS:CORE:5.6.0
Build Time Elapsed:  00:00:17
</pre>
</body>
</html>
