<html>
<body>
<pre>
<h1>µVision Build Log</h1>
<h2>Tool Versions:</h2>
IDE-Version: µVision V5.38.0.0
Copyright (C) 2022 ARM Ltd and ARM Germany GmbH. All rights reserved.
License Information: Kurt Donnerwetter, freelsncer, LIC=FYKYW-Q663M-NNSAF-645PY-8MH3C-059J3
 
Tool Versions:
Toolchain:       MDK-ARM Plus  Version: 5.38.0.0
Toolchain Path:  C:\Keil_v5\ARM\ARMCC\Bin
C Compiler:      Armcc.exe V5.06 update 7 (build 960)
Assembler:       Armasm.exe V5.06 update 7 (build 960)
Linker/Locator:  ArmLink.exe V5.06 update 7 (build 960)
Library Manager: ArmAr.exe V5.06 update 7 (build 960)
Hex Converter:   FromElf.exe V5.06 update 7 (build 960)
CPU DLL:         SARMCM3.DLL V5.38.0.0
Dialog DLL:      DARMSTM.DLL V1.69.1.0
Target DLL:      CMSIS_AGDI.dll V1.33.15.0
Dialog DLL:      TARMSTM.DLL V1.67.1.0
 
<h2>Project:</h2>
D:\Projects\INGITHUB\DAPlink\src\projectfiles\uvision\stm32f103xb_bl\stm32f103xb_bl.uvprojx
Project File Date:  12/02/2023

<h2>Output:</h2>
*** Using Compiler 'V5.06 update 7 (build 960)', folder: 'C:\Keil_v5\ARM\ARMCC\Bin'
Build target 'stm32f103xb_bl'
compiling stm32f103xb_bl.c...
compiling crc16.c...
compiling crc32.c...
compiling daplink.c...
compiling error.c...
compiling cortex_m.c...
compiling circ_buf.c...
compiling info.c...
compiling flash_hal.c...
compiling sdk_stub.c...
assembling SVC_Table.s...
compiling HardFault_Handler.c...
compiling validation.c...
compiling util.c...
compiling file_stream.c...
compiling main.c...
compiling flash_decoder.c...
compiling flash_intf.c...
compiling flash_manager.c...
compiling iap_flash_intf.c...
compiling intelhex.c...
compiling virtual_fs.c...
compiling flash.c...
compiling vfs_user.c...
compiling vfs_manager.c...
compiling read_uid.c...
assembling startup_stm32f103xb.S...
compiling sdk.c...
compiling gpio.c...
compiling stm32f1xx_hal_cortex.c...
compiling stm32f1xx_hal.c...
compiling stm32f1xx_hal_dma.c...
compiling stm32f1xx_hal_gpio.c...
compiling stm32f1xx_hal_flash.c...
compiling stm32f1xx_hal_flash_ex.c...
compiling stm32f1xx_hal_gpio_ex.c...
compiling stm32f1xx_hal_rcc_ex.c...
compiling stm32f1xx_hal_rcc.c...
compiling stm32f1xx_hal_tim_ex.c...
compiling stm32f1xx_hal_uart.c...
compiling stm32f1xx_hal_tim.c...
compiling system_stm32f1xx.c...
compiling uart.c...
compiling usb_config.c...
compiling stm32f1xx_hal_usart.c...
compiling cmsis_os2_port.c...
compiling SysTick_Handler.c...
compiling settings_rom_stub.c...
compiling target_board.c...
compiling usbd_core.c...
compiling usbd_core_msc.c...
compiling usbd_msc.c...
compiling settings.c...
compiling usbd_STM32F103.c...
linking...
Program Size: Code=28362 RO-data=4386 RW-data=848 ZI-data=9612  
FromELF: creating hex file...
After Build - User command #1: ..\..\..\tools\post_build_script.bat D:\Projects\INGITHUB\DAPlink\src\projectfiles\uvision\stm32f103xb_bl\build\stm32f103xb_bl C:\Keil_v5\ARM
D:\Projects\INGITHUB\DAPlink\src\projectfiles\uvision\stm32f103xb_bl>fromelf --bin D:\Projects\INGITHUB\DAPlink\src\projectfiles\uvision\stm32f103xb_bl\build\stm32f103xb_bl.axf -o D:\Projects\INGITHUB\DAPlink\src\projectfiles\uvision\stm32f103xb_bl\build\stm32f103xb_bl.bin 
D:\Projects\INGITHUB\DAPlink\src\projectfiles\uvision\stm32f103xb_bl>fromelf --i32 D:\Projects\INGITHUB\DAPlink\src\projectfiles\uvision\stm32f103xb_bl\build\stm32f103xb_bl.axf -o D:\Projects\INGITHUB\DAPlink\src\projectfiles\uvision\stm32f103xb_bl\build\stm32f103xb_bl.hex 
".\build\stm32f103xb_bl.axf" - 0 Error(s), 0 Warning(s).

<h2>Software Packages used:</h2>

Package Vendor: ARM
                http://www.keil.com/pack/ARM.CMSIS.5.9.0.pack
                ARM.CMSIS.5.9.0
                CMSIS (Common Microcontroller Software Interface Standard)
   * Component: CORE Version: 5.6.0

Package Vendor: Keil
                http://www.keil.com/pack/Keil.STM32F1xx_DFP.2.4.0.pack
                Keil.STM32F1xx_DFP.2.4.0
                STMicroelectronics STM32F1 Series Device Support, Drivers and Examples

<h2>Collection of Component include folders:</h2>
  ./RTE/_stm32f103xb_bl
  C:/Users/Admin/AppData/Local/Arm/Packs/ARM/CMSIS/5.9.0/CMSIS/Core/Include
  C:/Users/Admin/AppData/Local/Arm/Packs/Keil/STM32F1xx_DFP/2.4.0/Device/Include

<h2>Collection of Component Files used:</h2>

   * Component: ARM::CMSIS:CORE:5.6.0
Build Time Elapsed:  00:00:20
</pre>
</body>
</html>
